Archive member included to satisfy reference by file (symbol)

d:/programe/atmelstudio/7.0/toolchain/avr8/avr8-gnu-toolchain/bin/../lib/gcc/avr/5.4.0/avr5\libgcc.a(_exit.o)
                              D:/Programe/AtmelStudio/7.0/Packs/atmel/ATmega_DFP/1.2.209/gcc/dev/atmega328p/avr5/crtatmega328p.o (exit)
d:/programe/atmelstudio/7.0/toolchain/avr8/avr8-gnu-toolchain/bin/../lib/gcc/avr/5.4.0/avr5\libgcc.a(_copy_data.o)
                              02_RTE/main.o (__do_copy_data)
d:/programe/atmelstudio/7.0/toolchain/avr8/avr8-gnu-toolchain/bin/../lib/gcc/avr/5.4.0/avr5\libgcc.a(_clear_bss.o)
                              06_ComplexDrivers/Uart/Generic/Uart.o (__do_clear_bss)
d:/programe/atmelstudio/7.0/toolchain/avr8/avr8-gnu-toolchain/bin/../lib/gcc/avr/5.4.0/../../../../avr/lib/avr5\libc.a(iob.o)
                              02_RTE/main.o (__iob)
d:/programe/atmelstudio/7.0/toolchain/avr8/avr8-gnu-toolchain/bin/../lib/gcc/avr/5.4.0/../../../../avr/lib/avr5\libc.a(puts.o)
                              02_RTE/main.o (puts)

Allocating common symbols
Common symbol       size              file

__iob               0x6               d:/programe/atmelstudio/7.0/toolchain/avr8/avr8-gnu-toolchain/bin/../lib/gcc/avr/5.4.0/../../../../avr/lib/avr5\libc.a(iob.o)

Discarded input sections

 .data          0x00000000        0x0 D:/Programe/AtmelStudio/7.0/Packs/atmel/ATmega_DFP/1.2.209/gcc/dev/atmega328p/avr5/crtatmega328p.o
 .bss           0x00000000        0x0 D:/Programe/AtmelStudio/7.0/Packs/atmel/ATmega_DFP/1.2.209/gcc/dev/atmega328p/avr5/crtatmega328p.o
 .text          0x00000000        0x0 02_RTE/main.o
 .data          0x00000000        0x0 02_RTE/main.o
 .bss           0x00000000        0x0 02_RTE/main.o
 .text          0x00000000        0x0 05_MCAL/Adc/Code/Config/Adc.o
 .data          0x00000000        0x0 05_MCAL/Adc/Code/Config/Adc.o
 .bss           0x00000000        0x0 05_MCAL/Adc/Code/Config/Adc.o
 .text.Adc_Init
                0x00000000        0xc 05_MCAL/Adc/Code/Config/Adc.o
 .text.Adc_StartGroupConversion
                0x00000000        0x2 05_MCAL/Adc/Code/Config/Adc.o
 .text.Adc_GetGroupStatus
                0x00000000        0x4 05_MCAL/Adc/Code/Config/Adc.o
 .text.Adc_SetupResultBuffer
                0x00000000        0x4 05_MCAL/Adc/Code/Config/Adc.o
 .debug_info    0x00000000      0x2f4 05_MCAL/Adc/Code/Config/Adc.o
 .debug_abbrev  0x00000000      0x123 05_MCAL/Adc/Code/Config/Adc.o
 .debug_loc     0x00000000       0x78 05_MCAL/Adc/Code/Config/Adc.o
 .debug_aranges
                0x00000000       0x38 05_MCAL/Adc/Code/Config/Adc.o
 .debug_ranges  0x00000000       0x28 05_MCAL/Adc/Code/Config/Adc.o
 .debug_line    0x00000000      0x117 05_MCAL/Adc/Code/Config/Adc.o
 .debug_str     0x00000000      0x39f 05_MCAL/Adc/Code/Config/Adc.o
 .comment       0x00000000       0x31 05_MCAL/Adc/Code/Config/Adc.o
 .debug_frame   0x00000000       0x54 05_MCAL/Adc/Code/Config/Adc.o
 .text          0x00000000        0x0 05_MCAL/Adc/Code/Generic/Adc_PBCfg.o
 .data          0x00000000        0x0 05_MCAL/Adc/Code/Generic/Adc_PBCfg.o
 .bss           0x00000000        0x0 05_MCAL/Adc/Code/Generic/Adc_PBCfg.o
 .rodata.Adc_gkt_Cfg
                0x00000000        0x4 05_MCAL/Adc/Code/Generic/Adc_PBCfg.o
 .rodata.Adc_kt_Config
                0x00000000        0x4 05_MCAL/Adc/Code/Generic/Adc_PBCfg.o
 .rodata.Adc_kat_Registers
                0x00000000       0x24 05_MCAL/Adc/Code/Generic/Adc_PBCfg.o
 .rodata.Adc_kat_AdcGroups
                0x00000000        0xf 05_MCAL/Adc/Code/Generic/Adc_PBCfg.o
 .debug_info    0x00000000      0x1f7 05_MCAL/Adc/Code/Generic/Adc_PBCfg.o
 .debug_abbrev  0x00000000       0x98 05_MCAL/Adc/Code/Generic/Adc_PBCfg.o
 .debug_aranges
                0x00000000       0x18 05_MCAL/Adc/Code/Generic/Adc_PBCfg.o
 .debug_line    0x00000000      0x12b 05_MCAL/Adc/Code/Generic/Adc_PBCfg.o
 .debug_str     0x00000000      0x2ce 05_MCAL/Adc/Code/Generic/Adc_PBCfg.o
 .comment       0x00000000       0x31 05_MCAL/Adc/Code/Generic/Adc_PBCfg.o
 .text          0x00000000        0x0 05_MCAL/Dio/Code/Config/Dio_LCfg.o
 .data          0x00000000        0x0 05_MCAL/Dio/Code/Config/Dio_LCfg.o
 .bss           0x00000000        0x0 05_MCAL/Dio/Code/Config/Dio_LCfg.o
 .rodata.Dio_gkat_ChannelCfg
                0x00000000       0x3c 05_MCAL/Dio/Code/Config/Dio_LCfg.o
 .text          0x00000000        0x0 05_MCAL/Dio/Code/Generic/Dio.o
 .data          0x00000000        0x0 05_MCAL/Dio/Code/Generic/Dio.o
 .bss           0x00000000        0x0 05_MCAL/Dio/Code/Generic/Dio.o
 .text.Dio_ReadChannel
                0x00000000       0x2c 05_MCAL/Dio/Code/Generic/Dio.o
 .text.Dio_WriteChannel
                0x00000000       0x46 05_MCAL/Dio/Code/Generic/Dio.o
 .text.Dio_ReadPort
                0x00000000       0x16 05_MCAL/Dio/Code/Generic/Dio.o
 .text          0x00000000        0x0 05_MCAL/Port/Code/Config/Port_PBCfg.o
 .data          0x00000000        0x0 05_MCAL/Port/Code/Config/Port_PBCfg.o
 .bss           0x00000000        0x0 05_MCAL/Port/Code/Config/Port_PBCfg.o
 .text          0x00000000        0x0 05_MCAL/Port/Code/Generic/Port.o
 .data          0x00000000        0x0 05_MCAL/Port/Code/Generic/Port.o
 .bss           0x00000000        0x0 05_MCAL/Port/Code/Generic/Port.o
 .text          0x00000000        0x0 06_ComplexDrivers/Uart/Config/Uart_PBCfg.o
 .data          0x00000000        0x0 06_ComplexDrivers/Uart/Config/Uart_PBCfg.o
 .bss           0x00000000        0x0 06_ComplexDrivers/Uart/Config/Uart_PBCfg.o
 .text          0x00000000        0x0 06_ComplexDrivers/Uart/Generic/Uart.o
 .data          0x00000000        0x0 06_ComplexDrivers/Uart/Generic/Uart.o
 .bss           0x00000000        0x0 06_ComplexDrivers/Uart/Generic/Uart.o
 .text.Uart_gt_GetTransmitStatus
                0x00000000       0x24 06_ComplexDrivers/Uart/Generic/Uart.o
 .text.Uart_gv_Transmit
                0x00000000       0x30 06_ComplexDrivers/Uart/Generic/Uart.o
 .text.Uart_gt_GetReceiveStatus
                0x00000000       0x24 06_ComplexDrivers/Uart/Generic/Uart.o
 .text.Uart_gv_Receive
                0x00000000       0x3a 06_ComplexDrivers/Uart/Generic/Uart.o
 .text          0x00000000        0x0 07_Libraries/RegisterInit/Generic/RegisterInit.o
 .data          0x00000000        0x0 07_Libraries/RegisterInit/Generic/RegisterInit.o
 .bss           0x00000000        0x0 07_Libraries/RegisterInit/Generic/RegisterInit.o
 .text.RegInit_gv_Unmasked16Bits
                0x00000000       0x4c 07_Libraries/RegisterInit/Generic/RegisterInit.o
 .text.RegInit_gv_Masked16Bits
                0x00000000       0x88 07_Libraries/RegisterInit/Generic/RegisterInit.o
 .text          0x00000000        0x0 d:/programe/atmelstudio/7.0/toolchain/avr8/avr8-gnu-toolchain/bin/../lib/gcc/avr/5.4.0/avr5\libgcc.a(_exit.o)
 .data          0x00000000        0x0 d:/programe/atmelstudio/7.0/toolchain/avr8/avr8-gnu-toolchain/bin/../lib/gcc/avr/5.4.0/avr5\libgcc.a(_exit.o)
 .bss           0x00000000        0x0 d:/programe/atmelstudio/7.0/toolchain/avr8/avr8-gnu-toolchain/bin/../lib/gcc/avr/5.4.0/avr5\libgcc.a(_exit.o)
 .text.libgcc.mul
                0x00000000        0x0 d:/programe/atmelstudio/7.0/toolchain/avr8/avr8-gnu-toolchain/bin/../lib/gcc/avr/5.4.0/avr5\libgcc.a(_exit.o)
 .text.libgcc.div
                0x00000000        0x0 d:/programe/atmelstudio/7.0/toolchain/avr8/avr8-gnu-toolchain/bin/../lib/gcc/avr/5.4.0/avr5\libgcc.a(_exit.o)
 .text.libgcc   0x00000000        0x0 d:/programe/atmelstudio/7.0/toolchain/avr8/avr8-gnu-toolchain/bin/../lib/gcc/avr/5.4.0/avr5\libgcc.a(_exit.o)
 .text.libgcc.prologue
                0x00000000        0x0 d:/programe/atmelstudio/7.0/toolchain/avr8/avr8-gnu-toolchain/bin/../lib/gcc/avr/5.4.0/avr5\libgcc.a(_exit.o)
 .text.libgcc.builtins
                0x00000000        0x0 d:/programe/atmelstudio/7.0/toolchain/avr8/avr8-gnu-toolchain/bin/../lib/gcc/avr/5.4.0/avr5\libgcc.a(_exit.o)
 .text.libgcc.fmul
                0x00000000        0x0 d:/programe/atmelstudio/7.0/toolchain/avr8/avr8-gnu-toolchain/bin/../lib/gcc/avr/5.4.0/avr5\libgcc.a(_exit.o)
 .text.libgcc.fixed
                0x00000000        0x0 d:/programe/atmelstudio/7.0/toolchain/avr8/avr8-gnu-toolchain/bin/../lib/gcc/avr/5.4.0/avr5\libgcc.a(_exit.o)
 .text          0x00000000        0x0 d:/programe/atmelstudio/7.0/toolchain/avr8/avr8-gnu-toolchain/bin/../lib/gcc/avr/5.4.0/avr5\libgcc.a(_copy_data.o)
 .data          0x00000000        0x0 d:/programe/atmelstudio/7.0/toolchain/avr8/avr8-gnu-toolchain/bin/../lib/gcc/avr/5.4.0/avr5\libgcc.a(_copy_data.o)
 .bss           0x00000000        0x0 d:/programe/atmelstudio/7.0/toolchain/avr8/avr8-gnu-toolchain/bin/../lib/gcc/avr/5.4.0/avr5\libgcc.a(_copy_data.o)
 .text.libgcc.mul
                0x00000000        0x0 d:/programe/atmelstudio/7.0/toolchain/avr8/avr8-gnu-toolchain/bin/../lib/gcc/avr/5.4.0/avr5\libgcc.a(_copy_data.o)
 .text.libgcc.div
                0x00000000        0x0 d:/programe/atmelstudio/7.0/toolchain/avr8/avr8-gnu-toolchain/bin/../lib/gcc/avr/5.4.0/avr5\libgcc.a(_copy_data.o)
 .text.libgcc   0x00000000        0x0 d:/programe/atmelstudio/7.0/toolchain/avr8/avr8-gnu-toolchain/bin/../lib/gcc/avr/5.4.0/avr5\libgcc.a(_copy_data.o)
 .text.libgcc.prologue
                0x00000000        0x0 d:/programe/atmelstudio/7.0/toolchain/avr8/avr8-gnu-toolchain/bin/../lib/gcc/avr/5.4.0/avr5\libgcc.a(_copy_data.o)
 .text.libgcc.builtins
                0x00000000        0x0 d:/programe/atmelstudio/7.0/toolchain/avr8/avr8-gnu-toolchain/bin/../lib/gcc/avr/5.4.0/avr5\libgcc.a(_copy_data.o)
 .text.libgcc.fmul
                0x00000000        0x0 d:/programe/atmelstudio/7.0/toolchain/avr8/avr8-gnu-toolchain/bin/../lib/gcc/avr/5.4.0/avr5\libgcc.a(_copy_data.o)
 .text.libgcc.fixed
                0x00000000        0x0 d:/programe/atmelstudio/7.0/toolchain/avr8/avr8-gnu-toolchain/bin/../lib/gcc/avr/5.4.0/avr5\libgcc.a(_copy_data.o)
 .text          0x00000000        0x0 d:/programe/atmelstudio/7.0/toolchain/avr8/avr8-gnu-toolchain/bin/../lib/gcc/avr/5.4.0/avr5\libgcc.a(_clear_bss.o)
 .data          0x00000000        0x0 d:/programe/atmelstudio/7.0/toolchain/avr8/avr8-gnu-toolchain/bin/../lib/gcc/avr/5.4.0/avr5\libgcc.a(_clear_bss.o)
 .bss           0x00000000        0x0 d:/programe/atmelstudio/7.0/toolchain/avr8/avr8-gnu-toolchain/bin/../lib/gcc/avr/5.4.0/avr5\libgcc.a(_clear_bss.o)
 .text.libgcc.mul
                0x00000000        0x0 d:/programe/atmelstudio/7.0/toolchain/avr8/avr8-gnu-toolchain/bin/../lib/gcc/avr/5.4.0/avr5\libgcc.a(_clear_bss.o)
 .text.libgcc.div
                0x00000000        0x0 d:/programe/atmelstudio/7.0/toolchain/avr8/avr8-gnu-toolchain/bin/../lib/gcc/avr/5.4.0/avr5\libgcc.a(_clear_bss.o)
 .text.libgcc   0x00000000        0x0 d:/programe/atmelstudio/7.0/toolchain/avr8/avr8-gnu-toolchain/bin/../lib/gcc/avr/5.4.0/avr5\libgcc.a(_clear_bss.o)
 .text.libgcc.prologue
                0x00000000        0x0 d:/programe/atmelstudio/7.0/toolchain/avr8/avr8-gnu-toolchain/bin/../lib/gcc/avr/5.4.0/avr5\libgcc.a(_clear_bss.o)
 .text.libgcc.builtins
                0x00000000        0x0 d:/programe/atmelstudio/7.0/toolchain/avr8/avr8-gnu-toolchain/bin/../lib/gcc/avr/5.4.0/avr5\libgcc.a(_clear_bss.o)
 .text.libgcc.fmul
                0x00000000        0x0 d:/programe/atmelstudio/7.0/toolchain/avr8/avr8-gnu-toolchain/bin/../lib/gcc/avr/5.4.0/avr5\libgcc.a(_clear_bss.o)
 .text.libgcc.fixed
                0x00000000        0x0 d:/programe/atmelstudio/7.0/toolchain/avr8/avr8-gnu-toolchain/bin/../lib/gcc/avr/5.4.0/avr5\libgcc.a(_clear_bss.o)
 .text          0x00000000        0x0 d:/programe/atmelstudio/7.0/toolchain/avr8/avr8-gnu-toolchain/bin/../lib/gcc/avr/5.4.0/../../../../avr/lib/avr5\libc.a(iob.o)
 .data          0x00000000        0x0 d:/programe/atmelstudio/7.0/toolchain/avr8/avr8-gnu-toolchain/bin/../lib/gcc/avr/5.4.0/../../../../avr/lib/avr5\libc.a(iob.o)
 .bss           0x00000000        0x0 d:/programe/atmelstudio/7.0/toolchain/avr8/avr8-gnu-toolchain/bin/../lib/gcc/avr/5.4.0/../../../../avr/lib/avr5\libc.a(iob.o)
 .text          0x00000000        0x0 d:/programe/atmelstudio/7.0/toolchain/avr8/avr8-gnu-toolchain/bin/../lib/gcc/avr/5.4.0/../../../../avr/lib/avr5\libc.a(puts.o)
 .data          0x00000000        0x0 d:/programe/atmelstudio/7.0/toolchain/avr8/avr8-gnu-toolchain/bin/../lib/gcc/avr/5.4.0/../../../../avr/lib/avr5\libc.a(puts.o)
 .bss           0x00000000        0x0 d:/programe/atmelstudio/7.0/toolchain/avr8/avr8-gnu-toolchain/bin/../lib/gcc/avr/5.4.0/../../../../avr/lib/avr5\libc.a(puts.o)

Memory Configuration

Name             Origin             Length             Attributes
text             0x00000000         0x00020000         xr
data             0x00800060         0x0000ffa0         rw !x
eeprom           0x00810000         0x00010000         rw !x
fuse             0x00820000         0x00000003         rw !x
lock             0x00830000         0x00000400         rw !x
signature        0x00840000         0x00000400         rw !x
user_signatures  0x00850000         0x00000400         rw !x
*default*        0x00000000         0xffffffff

Linker script and memory map

Address of section .data set to 0x800100
LOAD D:/Programe/AtmelStudio/7.0/Packs/atmel/ATmega_DFP/1.2.209/gcc/dev/atmega328p/avr5/crtatmega328p.o
LOAD 02_RTE/main.o
LOAD 05_MCAL/Adc/Code/Config/Adc.o
LOAD 05_MCAL/Adc/Code/Generic/Adc_PBCfg.o
LOAD 05_MCAL/Dio/Code/Config/Dio_LCfg.o
LOAD 05_MCAL/Dio/Code/Generic/Dio.o
LOAD 05_MCAL/Port/Code/Config/Port_PBCfg.o
LOAD 05_MCAL/Port/Code/Generic/Port.o
LOAD 06_ComplexDrivers/Uart/Config/Uart_PBCfg.o
LOAD 06_ComplexDrivers/Uart/Generic/Uart.o
LOAD 07_Libraries/RegisterInit/Generic/RegisterInit.o
START GROUP
LOAD d:/programe/atmelstudio/7.0/toolchain/avr8/avr8-gnu-toolchain/bin/../lib/gcc/avr/5.4.0/../../../../avr/lib/avr5\libm.a
END GROUP
START GROUP
LOAD d:/programe/atmelstudio/7.0/toolchain/avr8/avr8-gnu-toolchain/bin/../lib/gcc/avr/5.4.0/avr5\libgcc.a
LOAD d:/programe/atmelstudio/7.0/toolchain/avr8/avr8-gnu-toolchain/bin/../lib/gcc/avr/5.4.0/../../../../avr/lib/avr5\libm.a
LOAD d:/programe/atmelstudio/7.0/toolchain/avr8/avr8-gnu-toolchain/bin/../lib/gcc/avr/5.4.0/../../../../avr/lib/avr5\libc.a
LOAD D:/Programe/AtmelStudio/7.0/Packs/atmel/ATmega_DFP/1.2.209/gcc/dev/atmega328p/avr5\libatmega328p.a
END GROUP
                0x00020000                __TEXT_REGION_LENGTH__ = DEFINED (__TEXT_REGION_LENGTH__)?__TEXT_REGION_LENGTH__:0x20000
                0x0000ffa0                __DATA_REGION_LENGTH__ = DEFINED (__DATA_REGION_LENGTH__)?__DATA_REGION_LENGTH__:0xffa0
                0x00010000                __EEPROM_REGION_LENGTH__ = DEFINED (__EEPROM_REGION_LENGTH__)?__EEPROM_REGION_LENGTH__:0x10000
                [0x00000003]                __FUSE_REGION_LENGTH__ = DEFINED (__FUSE_REGION_LENGTH__)?__FUSE_REGION_LENGTH__:0x400
                0x00000400                __LOCK_REGION_LENGTH__ = DEFINED (__LOCK_REGION_LENGTH__)?__LOCK_REGION_LENGTH__:0x400
                0x00000400                __SIGNATURE_REGION_LENGTH__ = DEFINED (__SIGNATURE_REGION_LENGTH__)?__SIGNATURE_REGION_LENGTH__:0x400
                0x00000400                __USER_SIGNATURE_REGION_LENGTH__ = DEFINED (__USER_SIGNATURE_REGION_LENGTH__)?__USER_SIGNATURE_REGION_LENGTH__:0x400

.hash
 *(.hash)

.dynsym
 *(.dynsym)

.dynstr
 *(.dynstr)

.gnu.version
 *(.gnu.version)

.gnu.version_d
 *(.gnu.version_d)

.gnu.version_r
 *(.gnu.version_r)

.rel.init
 *(.rel.init)

.rela.init
 *(.rela.init)

.rel.text
 *(.rel.text)
 *(.rel.text.*)
 *(.rel.gnu.linkonce.t*)

.rela.text
 *(.rela.text)
 *(.rela.text.*)
 *(.rela.gnu.linkonce.t*)

.rel.fini
 *(.rel.fini)

.rela.fini
 *(.rela.fini)

.rel.rodata
 *(.rel.rodata)
 *(.rel.rodata.*)
 *(.rel.gnu.linkonce.r*)

.rela.rodata
 *(.rela.rodata)
 *(.rela.rodata.*)
 *(.rela.gnu.linkonce.r*)

.rel.data
 *(.rel.data)
 *(.rel.data.*)
 *(.rel.gnu.linkonce.d*)

.rela.data
 *(.rela.data)
 *(.rela.data.*)
 *(.rela.gnu.linkonce.d*)

.rel.ctors
 *(.rel.ctors)

.rela.ctors
 *(.rela.ctors)

.rel.dtors
 *(.rel.dtors)

.rela.dtors
 *(.rela.dtors)

.rel.got
 *(.rel.got)

.rela.got
 *(.rela.got)

.rel.bss
 *(.rel.bss)

.rela.bss
 *(.rela.bss)

.rel.plt
 *(.rel.plt)

.rela.plt
 *(.rela.plt)

.text           0x00000000      0x2d8
 *(.vectors)
 .vectors       0x00000000       0x68 D:/Programe/AtmelStudio/7.0/Packs/atmel/ATmega_DFP/1.2.209/gcc/dev/atmega328p/avr5/crtatmega328p.o
                0x00000000                __vector_default
                0x00000000                __vectors
 *(.vectors)
 *(.progmem.gcc*)
                0x00000068                . = ALIGN (0x2)
                0x00000068                __trampolines_start = .
 *(.trampolines)
 .trampolines   0x00000068        0x0 linker stubs
 *(.trampolines*)
                0x00000068                __trampolines_end = .
 *libprintf_flt.a:*(.progmem.data)
 *libc.a:*(.progmem.data)
 *(.progmem*)
                0x00000068                . = ALIGN (0x2)
 *(.jumptables)
 *(.jumptables*)
 *(.lowtext)
 *(.lowtext*)
                0x00000068                __ctors_start = .
 *(.ctors)
                0x00000068                __ctors_end = .
                0x00000068                __dtors_start = .
 *(.dtors)
                0x00000068                __dtors_end = .
 SORT(*)(.ctors)
 SORT(*)(.dtors)
 *(.init0)
 .init0         0x00000068        0x0 D:/Programe/AtmelStudio/7.0/Packs/atmel/ATmega_DFP/1.2.209/gcc/dev/atmega328p/avr5/crtatmega328p.o
                0x00000068                __init
 *(.init0)
 *(.init1)
 *(.init1)
 *(.init2)
 .init2         0x00000068        0xc D:/Programe/AtmelStudio/7.0/Packs/atmel/ATmega_DFP/1.2.209/gcc/dev/atmega328p/avr5/crtatmega328p.o
 *(.init2)
 *(.init3)
 *(.init3)
 *(.init4)
 .init4         0x00000074       0x16 d:/programe/atmelstudio/7.0/toolchain/avr8/avr8-gnu-toolchain/bin/../lib/gcc/avr/5.4.0/avr5\libgcc.a(_copy_data.o)
                0x00000074                __do_copy_data
 .init4         0x0000008a       0x10 d:/programe/atmelstudio/7.0/toolchain/avr8/avr8-gnu-toolchain/bin/../lib/gcc/avr/5.4.0/avr5\libgcc.a(_clear_bss.o)
                0x0000008a                __do_clear_bss
 *(.init4)
 *(.init5)
 *(.init5)
 *(.init6)
 *(.init6)
 *(.init7)
 *(.init7)
 *(.init8)
 *(.init8)
 *(.init9)
 .init9         0x0000009a        0x8 D:/Programe/AtmelStudio/7.0/Packs/atmel/ATmega_DFP/1.2.209/gcc/dev/atmega328p/avr5/crtatmega328p.o
 *(.init9)
 *(.text)
 .text          0x000000a2        0x4 D:/Programe/AtmelStudio/7.0/Packs/atmel/ATmega_DFP/1.2.209/gcc/dev/atmega328p/avr5/crtatmega328p.o
                0x000000a2                __vector_22
                0x000000a2                __vector_1
                0x000000a2                __vector_24
                0x000000a2                __vector_12
                0x000000a2                __bad_interrupt
                0x000000a2                __vector_6
                0x000000a2                __vector_3
                0x000000a2                __vector_23
                0x000000a2                __vector_25
                0x000000a2                __vector_11
                0x000000a2                __vector_13
                0x000000a2                __vector_17
                0x000000a2                __vector_19
                0x000000a2                __vector_7
                0x000000a2                __vector_5
                0x000000a2                __vector_4
                0x000000a2                __vector_9
                0x000000a2                __vector_2
                0x000000a2                __vector_21
                0x000000a2                __vector_15
                0x000000a2                __vector_8
                0x000000a2                __vector_14
                0x000000a2                __vector_10
                0x000000a2                __vector_16
                0x000000a2                __vector_18
                0x000000a2                __vector_20
                0x000000a6                . = ALIGN (0x2)
 *(.text.*)
 .text.main     0x000000a6       0x84 02_RTE/main.o
                0x000000a6                main
 .text.Dio_WritePort
                0x0000012a       0x24 05_MCAL/Dio/Code/Generic/Dio.o
                0x0000012a                Dio_WritePort
 .text.Port_Init
                0x0000014e        0x6 05_MCAL/Port/Code/Generic/Port.o
                0x0000014e                Port_Init
 .text.Uart_gv_Init
                0x00000154       0x20 06_ComplexDrivers/Uart/Generic/Uart.o
                0x00000154                Uart_gv_Init
 .text.Uart_gt_DataRegisterStatus
                0x00000174       0x28 06_ComplexDrivers/Uart/Generic/Uart.o
                0x00000174                Uart_gt_DataRegisterStatus
 .text.Uart_gv_TransmitString_CH_0
                0x0000019c       0x2c 06_ComplexDrivers/Uart/Generic/Uart.o
                0x0000019c                Uart_gv_TransmitString_CH_0
 .text.RegInit_gv_Unmasked8Bits
                0x000001c8       0x48 07_Libraries/RegisterInit/Generic/RegisterInit.o
                0x000001c8                RegInit_gv_Unmasked8Bits
 .text.RegInit_gv_Masked8Bits
                0x00000210       0x64 07_Libraries/RegisterInit/Generic/RegisterInit.o
                0x00000210                RegInit_gv_Masked8Bits
 .text.avr-libc
                0x00000274       0x60 d:/programe/atmelstudio/7.0/toolchain/avr8/avr8-gnu-toolchain/bin/../lib/gcc/avr/5.4.0/../../../../avr/lib/avr5\libc.a(puts.o)
                0x00000274                puts
                0x000002d4                . = ALIGN (0x2)
 *(.fini9)
 .fini9         0x000002d4        0x0 d:/programe/atmelstudio/7.0/toolchain/avr8/avr8-gnu-toolchain/bin/../lib/gcc/avr/5.4.0/avr5\libgcc.a(_exit.o)
                0x000002d4                _exit
                0x000002d4                exit
 *(.fini9)
 *(.fini8)
 *(.fini8)
 *(.fini7)
 *(.fini7)
 *(.fini6)
 *(.fini6)
 *(.fini5)
 *(.fini5)
 *(.fini4)
 *(.fini4)
 *(.fini3)
 *(.fini3)
 *(.fini2)
 *(.fini2)
 *(.fini1)
 *(.fini1)
 *(.fini0)
 .fini0         0x000002d4        0x4 d:/programe/atmelstudio/7.0/toolchain/avr8/avr8-gnu-toolchain/bin/../lib/gcc/avr/5.4.0/avr5\libgcc.a(_exit.o)
 *(.fini0)
                0x000002d8                _etext = .

.data           0x00800100       0x8e load address 0x000002d8
                0x00800100                PROVIDE (__data_start, .)
 *(.data)
 *(.data*)
 *(.gnu.linkonce.d*)
 *(.rodata)
 *(.rodata*)
 .rodata.str1.1
                0x00800100        0x5 02_RTE/main.o
 .rodata.Dio_gkat_PortAdressRead
                0x00800105        0x6 05_MCAL/Dio/Code/Config/Dio_LCfg.o
                0x00800105                Dio_gkat_PortAdressRead
 .rodata.Dio_gkat_PortAdressWrite
                0x0080010b        0x6 05_MCAL/Dio/Code/Config/Dio_LCfg.o
                0x0080010b                Dio_gkat_PortAdressWrite
 .rodata.Port_gkt_Config
                0x00800111        0x4 05_MCAL/Port/Code/Config/Port_PBCfg.o
                0x00800111                Port_gkt_Config
 .rodata.Port_kt_RegisterTable
                0x00800115       0x1e 05_MCAL/Port/Code/Config/Port_PBCfg.o
 .rodata.Uart_gkt_Cfg
                0x00800133        0x4 06_ComplexDrivers/Uart/Config/Uart_PBCfg.o
                0x00800133                Uart_gkt_Cfg
 .rodata.Uart_kt_Config
                0x00800137        0x4 06_ComplexDrivers/Uart/Config/Uart_PBCfg.o
 .rodata.Uart_kat_Registers
                0x0080013b       0x28 06_ComplexDrivers/Uart/Config/Uart_PBCfg.o
 .rodata.Uart_gkt_UartGroups
                0x00800163       0x2a 06_ComplexDrivers/Uart/Config/Uart_PBCfg.o
 *(.gnu.linkonce.r*)
                0x0080018e                . = ALIGN (0x2)
 *fill*         0x0080018d        0x1 
                0x0080018e                _edata = .
                0x0080018e                PROVIDE (__data_end, .)

.bss            0x0080018e        0x8
                0x0080018e                PROVIDE (__bss_start, .)
 *(.bss)
 *(.bss*)
 .bss.Uart_pt_GroupsConfig
                0x0080018e        0x2 06_ComplexDrivers/Uart/Generic/Uart.o
 *(COMMON)
 COMMON         0x00800190        0x6 d:/programe/atmelstudio/7.0/toolchain/avr8/avr8-gnu-toolchain/bin/../lib/gcc/avr/5.4.0/../../../../avr/lib/avr5\libc.a(iob.o)
                0x00800190                __iob
                0x00800196                PROVIDE (__bss_end, .)
                0x000002d8                __data_load_start = LOADADDR (.data)
                0x00000366                __data_load_end = (__data_load_start + SIZEOF (.data))

.noinit         0x00800196        0x0
                [!provide]                PROVIDE (__noinit_start, .)
 *(.noinit*)
                [!provide]                PROVIDE (__noinit_end, .)
                0x00800196                _end = .
                [!provide]                PROVIDE (__heap_start, .)

.eeprom         0x00810000        0x0
 *(.eeprom*)
                0x00810000                __eeprom_end = .

.fuse
 *(.fuse)
 *(.lfuse)
 *(.hfuse)
 *(.efuse)

.lock
 *(.lock*)

.signature
 *(.signature*)

.user_signatures
 *(.user_signatures*)

.stab
 *(.stab)

.stabstr
 *(.stabstr)

.stab.excl
 *(.stab.excl)

.stab.exclstr
 *(.stab.exclstr)

.stab.index
 *(.stab.index)

.stab.indexstr
 *(.stab.indexstr)

.comment        0x00000000       0x30
 *(.comment)
 .comment       0x00000000       0x30 02_RTE/main.o
                                 0x31 (size before relaxing)
 .comment       0x00000030       0x31 05_MCAL/Dio/Code/Config/Dio_LCfg.o
 .comment       0x00000030       0x31 05_MCAL/Dio/Code/Generic/Dio.o
 .comment       0x00000030       0x31 05_MCAL/Port/Code/Config/Port_PBCfg.o
 .comment       0x00000030       0x31 05_MCAL/Port/Code/Generic/Port.o
 .comment       0x00000030       0x31 06_ComplexDrivers/Uart/Config/Uart_PBCfg.o
 .comment       0x00000030       0x31 06_ComplexDrivers/Uart/Generic/Uart.o
 .comment       0x00000030       0x31 07_Libraries/RegisterInit/Generic/RegisterInit.o
 .comment       0x00000030       0x31 d:/programe/atmelstudio/7.0/toolchain/avr8/avr8-gnu-toolchain/bin/../lib/gcc/avr/5.4.0/../../../../avr/lib/avr5\libc.a(iob.o)
 .comment       0x00000030       0x31 d:/programe/atmelstudio/7.0/toolchain/avr8/avr8-gnu-toolchain/bin/../lib/gcc/avr/5.4.0/../../../../avr/lib/avr5\libc.a(puts.o)

.note.gnu.avr.deviceinfo
                0x00000000       0x40
 .note.gnu.avr.deviceinfo
                0x00000000       0x40 D:/Programe/AtmelStudio/7.0/Packs/atmel/ATmega_DFP/1.2.209/gcc/dev/atmega328p/avr5/crtatmega328p.o

.note.gnu.build-id
 *(.note.gnu.build-id)

.debug
 *(.debug)

.line
 *(.line)

.debug_srcinfo
 *(.debug_srcinfo)

.debug_sfnames
 *(.debug_sfnames)

.debug_aranges  0x00000000      0x148
 *(.debug_aranges)
 .debug_aranges
                0x00000000       0x20 02_RTE/main.o
 .debug_aranges
                0x00000020       0x18 05_MCAL/Dio/Code/Config/Dio_LCfg.o
 .debug_aranges
                0x00000038       0x38 05_MCAL/Dio/Code/Generic/Dio.o
 .debug_aranges
                0x00000070       0x18 05_MCAL/Port/Code/Config/Port_PBCfg.o
 .debug_aranges
                0x00000088       0x20 05_MCAL/Port/Code/Generic/Port.o
 .debug_aranges
                0x000000a8       0x18 06_ComplexDrivers/Uart/Config/Uart_PBCfg.o
 .debug_aranges
                0x000000c0       0x50 06_ComplexDrivers/Uart/Generic/Uart.o
 .debug_aranges
                0x00000110       0x38 07_Libraries/RegisterInit/Generic/RegisterInit.o

.debug_pubnames
 *(.debug_pubnames)

.debug_info     0x00000000     0x1c0c
 *(.debug_info .gnu.linkonce.wi.*)
 .debug_info    0x00000000      0x5f4 D:/Programe/AtmelStudio/7.0/Packs/atmel/ATmega_DFP/1.2.209/gcc/dev/atmega328p/avr5/crtatmega328p.o
 .debug_info    0x000005f4      0x4b4 02_RTE/main.o
 .debug_info    0x00000aa8      0x158 05_MCAL/Dio/Code/Config/Dio_LCfg.o
 .debug_info    0x00000c00      0x2b4 05_MCAL/Dio/Code/Generic/Dio.o
 .debug_info    0x00000eb4      0x14a 05_MCAL/Port/Code/Config/Port_PBCfg.o
 .debug_info    0x00000ffe      0x143 05_MCAL/Port/Code/Generic/Port.o
 .debug_info    0x00001141      0x21c 06_ComplexDrivers/Uart/Config/Uart_PBCfg.o
 .debug_info    0x0000135d      0x538 06_ComplexDrivers/Uart/Generic/Uart.o
 .debug_info    0x00001895      0x377 07_Libraries/RegisterInit/Generic/RegisterInit.o

.debug_abbrev   0x00000000      0xdbc
 *(.debug_abbrev)
 .debug_abbrev  0x00000000      0x5a2 D:/Programe/AtmelStudio/7.0/Packs/atmel/ATmega_DFP/1.2.209/gcc/dev/atmega328p/avr5/crtatmega328p.o
 .debug_abbrev  0x000005a2      0x20e 02_RTE/main.o
 .debug_abbrev  0x000007b0       0x89 05_MCAL/Dio/Code/Config/Dio_LCfg.o
 .debug_abbrev  0x00000839      0x14d 05_MCAL/Dio/Code/Generic/Dio.o
 .debug_abbrev  0x00000986       0x98 05_MCAL/Port/Code/Config/Port_PBCfg.o
 .debug_abbrev  0x00000a1e       0xb3 05_MCAL/Port/Code/Generic/Port.o
 .debug_abbrev  0x00000ad1       0x98 06_ComplexDrivers/Uart/Config/Uart_PBCfg.o
 .debug_abbrev  0x00000b69      0x19c 06_ComplexDrivers/Uart/Generic/Uart.o
 .debug_abbrev  0x00000d05       0xb7 07_Libraries/RegisterInit/Generic/RegisterInit.o

.debug_line     0x00000000      0xc5b
 *(.debug_line .debug_line.* .debug_line_end)
 .debug_line    0x00000000      0x133 D:/Programe/AtmelStudio/7.0/Packs/atmel/ATmega_DFP/1.2.209/gcc/dev/atmega328p/avr5/crtatmega328p.o
 .debug_line    0x00000133      0x23e 02_RTE/main.o
 .debug_line    0x00000371       0xf3 05_MCAL/Dio/Code/Config/Dio_LCfg.o
 .debug_line    0x00000464      0x10e 05_MCAL/Dio/Code/Generic/Dio.o
 .debug_line    0x00000572      0x12f 05_MCAL/Port/Code/Config/Port_PBCfg.o
 .debug_line    0x000006a1       0xcd 05_MCAL/Port/Code/Generic/Port.o
 .debug_line    0x0000076e      0x139 06_ComplexDrivers/Uart/Config/Uart_PBCfg.o
 .debug_line    0x000008a7      0x21d 06_ComplexDrivers/Uart/Generic/Uart.o
 .debug_line    0x00000ac4      0x197 07_Libraries/RegisterInit/Generic/RegisterInit.o

.debug_frame    0x00000000      0x1f4
 *(.debug_frame)
 .debug_frame   0x00000000       0x34 02_RTE/main.o
 .debug_frame   0x00000034       0x54 05_MCAL/Dio/Code/Generic/Dio.o
 .debug_frame   0x00000088       0x24 05_MCAL/Port/Code/Generic/Port.o
 .debug_frame   0x000000ac       0xb0 06_ComplexDrivers/Uart/Generic/Uart.o
 .debug_frame   0x0000015c       0x98 07_Libraries/RegisterInit/Generic/RegisterInit.o

.debug_str      0x00000000      0xb3e
 *(.debug_str)
 .debug_str     0x00000000      0x208 D:/Programe/AtmelStudio/7.0/Packs/atmel/ATmega_DFP/1.2.209/gcc/dev/atmega328p/avr5/crtatmega328p.o
 .debug_str     0x00000208      0x37b 02_RTE/main.o
                                0x3c6 (size before relaxing)
 .debug_str     0x00000583       0xaa 05_MCAL/Dio/Code/Config/Dio_LCfg.o
                                0x23d (size before relaxing)
 .debug_str     0x0000062d       0xc9 05_MCAL/Dio/Code/Generic/Dio.o
                                0x2f0 (size before relaxing)
 .debug_str     0x000006f6       0x3f 05_MCAL/Port/Code/Config/Port_PBCfg.o
                                0x265 (size before relaxing)
 .debug_str     0x00000735       0x4b 05_MCAL/Port/Code/Generic/Port.o
                                0x228 (size before relaxing)
 .debug_str     0x00000780       0x64 06_ComplexDrivers/Uart/Config/Uart_PBCfg.o
                                0x2f0 (size before relaxing)
 .debug_str     0x000007e4      0x1e0 06_ComplexDrivers/Uart/Generic/Uart.o
                                0x49d (size before relaxing)
 .debug_str     0x000009c4      0x17a 07_Libraries/RegisterInit/Generic/RegisterInit.o
                                0x3be (size before relaxing)

.debug_loc      0x00000000      0x6c8
 *(.debug_loc)
 .debug_loc     0x00000000       0x8f 02_RTE/main.o
 .debug_loc     0x0000008f      0x12b 05_MCAL/Dio/Code/Generic/Dio.o
 .debug_loc     0x000001ba       0x26 05_MCAL/Port/Code/Generic/Port.o
 .debug_loc     0x000001e0      0x2d8 06_ComplexDrivers/Uart/Generic/Uart.o
 .debug_loc     0x000004b8      0x210 07_Libraries/RegisterInit/Generic/RegisterInit.o

.debug_macinfo
 *(.debug_macinfo)

.debug_weaknames
 *(.debug_weaknames)

.debug_funcnames
 *(.debug_funcnames)

.debug_typenames
 *(.debug_typenames)

.debug_varnames
 *(.debug_varnames)

.debug_pubtypes
 *(.debug_pubtypes)

.debug_ranges   0x00000000       0xb0
 *(.debug_ranges)
 .debug_ranges  0x00000000       0x10 02_RTE/main.o
 .debug_ranges  0x00000010       0x28 05_MCAL/Dio/Code/Generic/Dio.o
 .debug_ranges  0x00000038       0x10 05_MCAL/Port/Code/Generic/Port.o
 .debug_ranges  0x00000048       0x40 06_ComplexDrivers/Uart/Generic/Uart.o
 .debug_ranges  0x00000088       0x28 07_Libraries/RegisterInit/Generic/RegisterInit.o

.debug_macro
 *(.debug_macro)
OUTPUT(NanoArchitecture.elf elf32-avr)
LOAD linker stubs
