Archive member included to satisfy reference by file (symbol)

d:/programe/atmelstudio/7.0/toolchain/avr8/avr8-gnu-toolchain/bin/../lib/gcc/avr/5.4.0/avr5\libgcc.a(_exit.o)
                              D:/Programe/AtmelStudio/7.0/Packs/atmel/ATmega_DFP/1.2.209/gcc/dev/atmega328p/avr5/crtatmega328p.o (exit)
d:/programe/atmelstudio/7.0/toolchain/avr8/avr8-gnu-toolchain/bin/../lib/gcc/avr/5.4.0/avr5\libgcc.a(_copy_data.o)
                              05_MCAL/Adc/Code/Generic/Adc_PBCfg.o (__do_copy_data)

Discarded input sections

 .data          0x00000000        0x0 D:/Programe/AtmelStudio/7.0/Packs/atmel/ATmega_DFP/1.2.209/gcc/dev/atmega328p/avr5/crtatmega328p.o
 .bss           0x00000000        0x0 D:/Programe/AtmelStudio/7.0/Packs/atmel/ATmega_DFP/1.2.209/gcc/dev/atmega328p/avr5/crtatmega328p.o
 .text          0x00000000        0x0 02_RTE/main.o
 .data          0x00000000        0x0 02_RTE/main.o
 .bss           0x00000000        0x0 02_RTE/main.o
 .text          0x00000000        0x0 05_MCAL/Adc/Code/Config/Adc.o
 .data          0x00000000        0x0 05_MCAL/Adc/Code/Config/Adc.o
 .bss           0x00000000        0x0 05_MCAL/Adc/Code/Config/Adc.o
 .text.Adc_Init
                0x00000000        0xc 05_MCAL/Adc/Code/Config/Adc.o
 .text.Adc_StartGroupConversion
                0x00000000        0x2 05_MCAL/Adc/Code/Config/Adc.o
 .text.Adc_GetGroupStatus
                0x00000000        0x4 05_MCAL/Adc/Code/Config/Adc.o
 .text.Adc_SetupResultBuffer
                0x00000000        0x4 05_MCAL/Adc/Code/Config/Adc.o
 .debug_info    0x00000000      0x2f4 05_MCAL/Adc/Code/Config/Adc.o
 .debug_abbrev  0x00000000      0x123 05_MCAL/Adc/Code/Config/Adc.o
 .debug_loc     0x00000000       0x78 05_MCAL/Adc/Code/Config/Adc.o
 .debug_aranges
                0x00000000       0x38 05_MCAL/Adc/Code/Config/Adc.o
 .debug_ranges  0x00000000       0x28 05_MCAL/Adc/Code/Config/Adc.o
 .debug_line    0x00000000      0x117 05_MCAL/Adc/Code/Config/Adc.o
 .debug_str     0x00000000      0x39f 05_MCAL/Adc/Code/Config/Adc.o
 .comment       0x00000000       0x31 05_MCAL/Adc/Code/Config/Adc.o
 .debug_frame   0x00000000       0x54 05_MCAL/Adc/Code/Config/Adc.o
 .text          0x00000000        0x0 05_MCAL/Adc/Code/Generic/Adc_PBCfg.o
 .data          0x00000000        0x0 05_MCAL/Adc/Code/Generic/Adc_PBCfg.o
 .bss           0x00000000        0x0 05_MCAL/Adc/Code/Generic/Adc_PBCfg.o
 .rodata.Adc_gkt_Cfg
                0x00000000        0x4 05_MCAL/Adc/Code/Generic/Adc_PBCfg.o
 .rodata.Adc_kt_Config
                0x00000000        0x4 05_MCAL/Adc/Code/Generic/Adc_PBCfg.o
 .rodata.Adc_kat_Registers
                0x00000000       0x24 05_MCAL/Adc/Code/Generic/Adc_PBCfg.o
 .rodata.Adc_kat_AdcGroups
                0x00000000        0xf 05_MCAL/Adc/Code/Generic/Adc_PBCfg.o
 .debug_info    0x00000000      0x1f7 05_MCAL/Adc/Code/Generic/Adc_PBCfg.o
 .debug_abbrev  0x00000000       0x98 05_MCAL/Adc/Code/Generic/Adc_PBCfg.o
 .debug_aranges
                0x00000000       0x18 05_MCAL/Adc/Code/Generic/Adc_PBCfg.o
 .debug_line    0x00000000      0x12b 05_MCAL/Adc/Code/Generic/Adc_PBCfg.o
 .debug_str     0x00000000      0x2ce 05_MCAL/Adc/Code/Generic/Adc_PBCfg.o
 .comment       0x00000000       0x31 05_MCAL/Adc/Code/Generic/Adc_PBCfg.o
 .text          0x00000000        0x0 05_MCAL/Dio/Code/Config/Dio_LCfg.o
 .data          0x00000000        0x0 05_MCAL/Dio/Code/Config/Dio_LCfg.o
 .bss           0x00000000        0x0 05_MCAL/Dio/Code/Config/Dio_LCfg.o
 .rodata.Dio_gkat_ChannelCfg
                0x00000000       0x3c 05_MCAL/Dio/Code/Config/Dio_LCfg.o
 .text          0x00000000        0x0 05_MCAL/Dio/Code/Generic/Dio.o
 .data          0x00000000        0x0 05_MCAL/Dio/Code/Generic/Dio.o
 .bss           0x00000000        0x0 05_MCAL/Dio/Code/Generic/Dio.o
 .text.Dio_ReadChannel
                0x00000000       0x2c 05_MCAL/Dio/Code/Generic/Dio.o
 .text.Dio_WriteChannel
                0x00000000       0x46 05_MCAL/Dio/Code/Generic/Dio.o
 .text.Dio_ReadPort
                0x00000000       0x16 05_MCAL/Dio/Code/Generic/Dio.o
 .text          0x00000000        0x0 05_MCAL/Port/Code/Config/Port_PBCfg.o
 .data          0x00000000        0x0 05_MCAL/Port/Code/Config/Port_PBCfg.o
 .bss           0x00000000        0x0 05_MCAL/Port/Code/Config/Port_PBCfg.o
 .text          0x00000000        0x0 05_MCAL/Port/Code/Generic/Port.o
 .data          0x00000000        0x0 05_MCAL/Port/Code/Generic/Port.o
 .bss           0x00000000        0x0 05_MCAL/Port/Code/Generic/Port.o
 .text          0x00000000        0x0 06_ComplexDrivers/Uart/Config/Uart_PBCfg.o
 .data          0x00000000        0x0 06_ComplexDrivers/Uart/Config/Uart_PBCfg.o
 .bss           0x00000000        0x0 06_ComplexDrivers/Uart/Config/Uart_PBCfg.o
 .rodata.Uart_gkt_Cfg
                0x00000000        0x4 06_ComplexDrivers/Uart/Config/Uart_PBCfg.o
 .rodata.Uart_kt_Config
                0x00000000        0x4 06_ComplexDrivers/Uart/Config/Uart_PBCfg.o
 .rodata.Uart_kat_Registers
                0x00000000       0x28 06_ComplexDrivers/Uart/Config/Uart_PBCfg.o
 .rodata.Uart_gkt_UartGroups
                0x00000000        0x6 06_ComplexDrivers/Uart/Config/Uart_PBCfg.o
 .debug_info    0x00000000      0x200 06_ComplexDrivers/Uart/Config/Uart_PBCfg.o
 .debug_abbrev  0x00000000       0x98 06_ComplexDrivers/Uart/Config/Uart_PBCfg.o
 .debug_aranges
                0x00000000       0x18 06_ComplexDrivers/Uart/Config/Uart_PBCfg.o
 .debug_line    0x00000000       0xe3 06_ComplexDrivers/Uart/Config/Uart_PBCfg.o
 .debug_str     0x00000000      0x2e3 06_ComplexDrivers/Uart/Config/Uart_PBCfg.o
 .comment       0x00000000       0x31 06_ComplexDrivers/Uart/Config/Uart_PBCfg.o
 .text          0x00000000        0x0 06_ComplexDrivers/Uart/Generic/Uart.o
 .data          0x00000000        0x0 06_ComplexDrivers/Uart/Generic/Uart.o
 .bss           0x00000000        0x0 06_ComplexDrivers/Uart/Generic/Uart.o
 .text.Uart_gv_Init
                0x00000000        0xc 06_ComplexDrivers/Uart/Generic/Uart.o
 .text.Uart_gt_GetTransmitStatus
                0x00000000        0x4 06_ComplexDrivers/Uart/Generic/Uart.o
 .text.Uart_gv_Transmit
                0x00000000        0x2 06_ComplexDrivers/Uart/Generic/Uart.o
 .text.Uart_gt_GetReceiveStatus
                0x00000000        0x4 06_ComplexDrivers/Uart/Generic/Uart.o
 .text.Uart_gv_Receive
                0x00000000        0x2 06_ComplexDrivers/Uart/Generic/Uart.o
 .debug_info    0x00000000      0x31b 06_ComplexDrivers/Uart/Generic/Uart.o
 .debug_abbrev  0x00000000      0x102 06_ComplexDrivers/Uart/Generic/Uart.o
 .debug_loc     0x00000000       0x78 06_ComplexDrivers/Uart/Generic/Uart.o
 .debug_aranges
                0x00000000       0x40 06_ComplexDrivers/Uart/Generic/Uart.o
 .debug_ranges  0x00000000       0x30 06_ComplexDrivers/Uart/Generic/Uart.o
 .debug_line    0x00000000      0x122 06_ComplexDrivers/Uart/Generic/Uart.o
 .debug_str     0x00000000      0x3c1 06_ComplexDrivers/Uart/Generic/Uart.o
 .comment       0x00000000       0x31 06_ComplexDrivers/Uart/Generic/Uart.o
 .debug_frame   0x00000000       0x64 06_ComplexDrivers/Uart/Generic/Uart.o
 .text          0x00000000        0x0 07_Libraries/RegisterInit/Generic/RegisterInit.o
 .data          0x00000000        0x0 07_Libraries/RegisterInit/Generic/RegisterInit.o
 .bss           0x00000000        0x0 07_Libraries/RegisterInit/Generic/RegisterInit.o
 .text.RegInit_gv_Unmasked16Bits
                0x00000000       0x4c 07_Libraries/RegisterInit/Generic/RegisterInit.o
 .text.RegInit_gv_Masked8Bits
                0x00000000       0x64 07_Libraries/RegisterInit/Generic/RegisterInit.o
 .text.RegInit_gv_Masked16Bits
                0x00000000       0x88 07_Libraries/RegisterInit/Generic/RegisterInit.o
 .text          0x00000000        0x0 d:/programe/atmelstudio/7.0/toolchain/avr8/avr8-gnu-toolchain/bin/../lib/gcc/avr/5.4.0/avr5\libgcc.a(_exit.o)
 .data          0x00000000        0x0 d:/programe/atmelstudio/7.0/toolchain/avr8/avr8-gnu-toolchain/bin/../lib/gcc/avr/5.4.0/avr5\libgcc.a(_exit.o)
 .bss           0x00000000        0x0 d:/programe/atmelstudio/7.0/toolchain/avr8/avr8-gnu-toolchain/bin/../lib/gcc/avr/5.4.0/avr5\libgcc.a(_exit.o)
 .text.libgcc.mul
                0x00000000        0x0 d:/programe/atmelstudio/7.0/toolchain/avr8/avr8-gnu-toolchain/bin/../lib/gcc/avr/5.4.0/avr5\libgcc.a(_exit.o)
 .text.libgcc.div
                0x00000000        0x0 d:/programe/atmelstudio/7.0/toolchain/avr8/avr8-gnu-toolchain/bin/../lib/gcc/avr/5.4.0/avr5\libgcc.a(_exit.o)
 .text.libgcc   0x00000000        0x0 d:/programe/atmelstudio/7.0/toolchain/avr8/avr8-gnu-toolchain/bin/../lib/gcc/avr/5.4.0/avr5\libgcc.a(_exit.o)
 .text.libgcc.prologue
                0x00000000        0x0 d:/programe/atmelstudio/7.0/toolchain/avr8/avr8-gnu-toolchain/bin/../lib/gcc/avr/5.4.0/avr5\libgcc.a(_exit.o)
 .text.libgcc.builtins
                0x00000000        0x0 d:/programe/atmelstudio/7.0/toolchain/avr8/avr8-gnu-toolchain/bin/../lib/gcc/avr/5.4.0/avr5\libgcc.a(_exit.o)
 .text.libgcc.fmul
                0x00000000        0x0 d:/programe/atmelstudio/7.0/toolchain/avr8/avr8-gnu-toolchain/bin/../lib/gcc/avr/5.4.0/avr5\libgcc.a(_exit.o)
 .text.libgcc.fixed
                0x00000000        0x0 d:/programe/atmelstudio/7.0/toolchain/avr8/avr8-gnu-toolchain/bin/../lib/gcc/avr/5.4.0/avr5\libgcc.a(_exit.o)
 .text          0x00000000        0x0 d:/programe/atmelstudio/7.0/toolchain/avr8/avr8-gnu-toolchain/bin/../lib/gcc/avr/5.4.0/avr5\libgcc.a(_copy_data.o)
 .data          0x00000000        0x0 d:/programe/atmelstudio/7.0/toolchain/avr8/avr8-gnu-toolchain/bin/../lib/gcc/avr/5.4.0/avr5\libgcc.a(_copy_data.o)
 .bss           0x00000000        0x0 d:/programe/atmelstudio/7.0/toolchain/avr8/avr8-gnu-toolchain/bin/../lib/gcc/avr/5.4.0/avr5\libgcc.a(_copy_data.o)
 .text.libgcc.mul
                0x00000000        0x0 d:/programe/atmelstudio/7.0/toolchain/avr8/avr8-gnu-toolchain/bin/../lib/gcc/avr/5.4.0/avr5\libgcc.a(_copy_data.o)
 .text.libgcc.div
                0x00000000        0x0 d:/programe/atmelstudio/7.0/toolchain/avr8/avr8-gnu-toolchain/bin/../lib/gcc/avr/5.4.0/avr5\libgcc.a(_copy_data.o)
 .text.libgcc   0x00000000        0x0 d:/programe/atmelstudio/7.0/toolchain/avr8/avr8-gnu-toolchain/bin/../lib/gcc/avr/5.4.0/avr5\libgcc.a(_copy_data.o)
 .text.libgcc.prologue
                0x00000000        0x0 d:/programe/atmelstudio/7.0/toolchain/avr8/avr8-gnu-toolchain/bin/../lib/gcc/avr/5.4.0/avr5\libgcc.a(_copy_data.o)
 .text.libgcc.builtins
                0x00000000        0x0 d:/programe/atmelstudio/7.0/toolchain/avr8/avr8-gnu-toolchain/bin/../lib/gcc/avr/5.4.0/avr5\libgcc.a(_copy_data.o)
 .text.libgcc.fmul
                0x00000000        0x0 d:/programe/atmelstudio/7.0/toolchain/avr8/avr8-gnu-toolchain/bin/../lib/gcc/avr/5.4.0/avr5\libgcc.a(_copy_data.o)
 .text.libgcc.fixed
                0x00000000        0x0 d:/programe/atmelstudio/7.0/toolchain/avr8/avr8-gnu-toolchain/bin/../lib/gcc/avr/5.4.0/avr5\libgcc.a(_copy_data.o)

Memory Configuration

Name             Origin             Length             Attributes
text             0x00000000         0x00020000         xr
data             0x00800060         0x0000ffa0         rw !x
eeprom           0x00810000         0x00010000         rw !x
fuse             0x00820000         0x00000003         rw !x
lock             0x00830000         0x00000400         rw !x
signature        0x00840000         0x00000400         rw !x
user_signatures  0x00850000         0x00000400         rw !x
*default*        0x00000000         0xffffffff

Linker script and memory map

Address of section .data set to 0x800100
LOAD D:/Programe/AtmelStudio/7.0/Packs/atmel/ATmega_DFP/1.2.209/gcc/dev/atmega328p/avr5/crtatmega328p.o
LOAD 02_RTE/main.o
LOAD 05_MCAL/Adc/Code/Config/Adc.o
LOAD 05_MCAL/Adc/Code/Generic/Adc_PBCfg.o
LOAD 05_MCAL/Dio/Code/Config/Dio_LCfg.o
LOAD 05_MCAL/Dio/Code/Generic/Dio.o
LOAD 05_MCAL/Port/Code/Config/Port_PBCfg.o
LOAD 05_MCAL/Port/Code/Generic/Port.o
LOAD 06_ComplexDrivers/Uart/Config/Uart_PBCfg.o
LOAD 06_ComplexDrivers/Uart/Generic/Uart.o
LOAD 07_Libraries/RegisterInit/Generic/RegisterInit.o
START GROUP
LOAD d:/programe/atmelstudio/7.0/toolchain/avr8/avr8-gnu-toolchain/bin/../lib/gcc/avr/5.4.0/../../../../avr/lib/avr5\libm.a
END GROUP
START GROUP
LOAD d:/programe/atmelstudio/7.0/toolchain/avr8/avr8-gnu-toolchain/bin/../lib/gcc/avr/5.4.0/avr5\libgcc.a
LOAD d:/programe/atmelstudio/7.0/toolchain/avr8/avr8-gnu-toolchain/bin/../lib/gcc/avr/5.4.0/../../../../avr/lib/avr5\libm.a
LOAD d:/programe/atmelstudio/7.0/toolchain/avr8/avr8-gnu-toolchain/bin/../lib/gcc/avr/5.4.0/../../../../avr/lib/avr5\libc.a
LOAD D:/Programe/AtmelStudio/7.0/Packs/atmel/ATmega_DFP/1.2.209/gcc/dev/atmega328p/avr5\libatmega328p.a
END GROUP
                0x00020000                __TEXT_REGION_LENGTH__ = DEFINED (__TEXT_REGION_LENGTH__)?__TEXT_REGION_LENGTH__:0x20000
                0x0000ffa0                __DATA_REGION_LENGTH__ = DEFINED (__DATA_REGION_LENGTH__)?__DATA_REGION_LENGTH__:0xffa0
                0x00010000                __EEPROM_REGION_LENGTH__ = DEFINED (__EEPROM_REGION_LENGTH__)?__EEPROM_REGION_LENGTH__:0x10000
                [0x00000003]                __FUSE_REGION_LENGTH__ = DEFINED (__FUSE_REGION_LENGTH__)?__FUSE_REGION_LENGTH__:0x400
                0x00000400                __LOCK_REGION_LENGTH__ = DEFINED (__LOCK_REGION_LENGTH__)?__LOCK_REGION_LENGTH__:0x400
                0x00000400                __SIGNATURE_REGION_LENGTH__ = DEFINED (__SIGNATURE_REGION_LENGTH__)?__SIGNATURE_REGION_LENGTH__:0x400
                0x00000400                __USER_SIGNATURE_REGION_LENGTH__ = DEFINED (__USER_SIGNATURE_REGION_LENGTH__)?__USER_SIGNATURE_REGION_LENGTH__:0x400

.hash
 *(.hash)

.dynsym
 *(.dynsym)

.dynstr
 *(.dynstr)

.gnu.version
 *(.gnu.version)

.gnu.version_d
 *(.gnu.version_d)

.gnu.version_r
 *(.gnu.version_r)

.rel.init
 *(.rel.init)

.rela.init
 *(.rela.init)

.rel.text
 *(.rel.text)
 *(.rel.text.*)
 *(.rel.gnu.linkonce.t*)

.rela.text
 *(.rela.text)
 *(.rela.text.*)
 *(.rela.gnu.linkonce.t*)

.rel.fini
 *(.rel.fini)

.rela.fini
 *(.rela.fini)

.rel.rodata
 *(.rel.rodata)
 *(.rel.rodata.*)
 *(.rel.gnu.linkonce.r*)

.rela.rodata
 *(.rela.rodata)
 *(.rela.rodata.*)
 *(.rela.gnu.linkonce.r*)

.rel.data
 *(.rel.data)
 *(.rel.data.*)
 *(.rel.gnu.linkonce.d*)

.rela.data
 *(.rela.data)
 *(.rela.data.*)
 *(.rela.gnu.linkonce.d*)

.rel.ctors
 *(.rel.ctors)

.rela.ctors
 *(.rela.ctors)

.rel.dtors
 *(.rel.dtors)

.rela.dtors
 *(.rela.dtors)

.rel.got
 *(.rel.got)

.rela.got
 *(.rela.got)

.rel.bss
 *(.rel.bss)

.rela.bss
 *(.rela.bss)

.rel.plt
 *(.rel.plt)

.rela.plt
 *(.rela.plt)

.text           0x00000000      0x150
 *(.vectors)
 .vectors       0x00000000       0x68 D:/Programe/AtmelStudio/7.0/Packs/atmel/ATmega_DFP/1.2.209/gcc/dev/atmega328p/avr5/crtatmega328p.o
                0x00000000                __vector_default
                0x00000000                __vectors
 *(.vectors)
 *(.progmem.gcc*)
                0x00000068                . = ALIGN (0x2)
                0x00000068                __trampolines_start = .
 *(.trampolines)
 .trampolines   0x00000068        0x0 linker stubs
 *(.trampolines*)
                0x00000068                __trampolines_end = .
 *libprintf_flt.a:*(.progmem.data)
 *libc.a:*(.progmem.data)
 *(.progmem*)
                0x00000068                . = ALIGN (0x2)
 *(.jumptables)
 *(.jumptables*)
 *(.lowtext)
 *(.lowtext*)
                0x00000068                __ctors_start = .
 *(.ctors)
                0x00000068                __ctors_end = .
                0x00000068                __dtors_start = .
 *(.dtors)
                0x00000068                __dtors_end = .
 SORT(*)(.ctors)
 SORT(*)(.dtors)
 *(.init0)
 .init0         0x00000068        0x0 D:/Programe/AtmelStudio/7.0/Packs/atmel/ATmega_DFP/1.2.209/gcc/dev/atmega328p/avr5/crtatmega328p.o
                0x00000068                __init
 *(.init0)
 *(.init1)
 *(.init1)
 *(.init2)
 .init2         0x00000068        0xc D:/Programe/AtmelStudio/7.0/Packs/atmel/ATmega_DFP/1.2.209/gcc/dev/atmega328p/avr5/crtatmega328p.o
 *(.init2)
 *(.init3)
 *(.init3)
 *(.init4)
 .init4         0x00000074       0x16 d:/programe/atmelstudio/7.0/toolchain/avr8/avr8-gnu-toolchain/bin/../lib/gcc/avr/5.4.0/avr5\libgcc.a(_copy_data.o)
                0x00000074                __do_copy_data
 *(.init4)
 *(.init5)
 *(.init5)
 *(.init6)
 *(.init6)
 *(.init7)
 *(.init7)
 *(.init8)
 *(.init8)
 *(.init9)
 .init9         0x0000008a        0x8 D:/Programe/AtmelStudio/7.0/Packs/atmel/ATmega_DFP/1.2.209/gcc/dev/atmega328p/avr5/crtatmega328p.o
 *(.init9)
 *(.text)
 .text          0x00000092        0x4 D:/Programe/AtmelStudio/7.0/Packs/atmel/ATmega_DFP/1.2.209/gcc/dev/atmega328p/avr5/crtatmega328p.o
                0x00000092                __vector_22
                0x00000092                __vector_1
                0x00000092                __vector_24
                0x00000092                __vector_12
                0x00000092                __bad_interrupt
                0x00000092                __vector_6
                0x00000092                __vector_3
                0x00000092                __vector_23
                0x00000092                __vector_25
                0x00000092                __vector_11
                0x00000092                __vector_13
                0x00000092                __vector_17
                0x00000092                __vector_19
                0x00000092                __vector_7
                0x00000092                __vector_5
                0x00000092                __vector_4
                0x00000092                __vector_9
                0x00000092                __vector_2
                0x00000092                __vector_21
                0x00000092                __vector_15
                0x00000092                __vector_8
                0x00000092                __vector_14
                0x00000092                __vector_10
                0x00000092                __vector_16
                0x00000092                __vector_18
                0x00000092                __vector_20
                0x00000096                . = ALIGN (0x2)
 *(.text.*)
 .text.main     0x00000096       0x44 02_RTE/main.o
                0x00000096                main
 .text.Dio_WritePort
                0x000000da       0x24 05_MCAL/Dio/Code/Generic/Dio.o
                0x000000da                Dio_WritePort
 .text.Port_Init
                0x000000fe        0x6 05_MCAL/Port/Code/Generic/Port.o
                0x000000fe                Port_Init
 .text.RegInit_gv_Unmasked8Bits
                0x00000104       0x48 07_Libraries/RegisterInit/Generic/RegisterInit.o
                0x00000104                RegInit_gv_Unmasked8Bits
                0x0000014c                . = ALIGN (0x2)
 *(.fini9)
 .fini9         0x0000014c        0x0 d:/programe/atmelstudio/7.0/toolchain/avr8/avr8-gnu-toolchain/bin/../lib/gcc/avr/5.4.0/avr5\libgcc.a(_exit.o)
                0x0000014c                _exit
                0x0000014c                exit
 *(.fini9)
 *(.fini8)
 *(.fini8)
 *(.fini7)
 *(.fini7)
 *(.fini6)
 *(.fini6)
 *(.fini5)
 *(.fini5)
 *(.fini4)
 *(.fini4)
 *(.fini3)
 *(.fini3)
 *(.fini2)
 *(.fini2)
 *(.fini1)
 *(.fini1)
 *(.fini0)
 .fini0         0x0000014c        0x4 d:/programe/atmelstudio/7.0/toolchain/avr8/avr8-gnu-toolchain/bin/../lib/gcc/avr/5.4.0/avr5\libgcc.a(_exit.o)
 *(.fini0)
                0x00000150                _etext = .

.data           0x00800100       0x2e load address 0x00000150
                0x00800100                PROVIDE (__data_start, .)
 *(.data)
 *(.data*)
 *(.gnu.linkonce.d*)
 *(.rodata)
 *(.rodata*)
 .rodata.Dio_gkat_PortAdressRead
                0x00800100        0x6 05_MCAL/Dio/Code/Config/Dio_LCfg.o
                0x00800100                Dio_gkat_PortAdressRead
 .rodata.Dio_gkat_PortAdressWrite
                0x00800106        0x6 05_MCAL/Dio/Code/Config/Dio_LCfg.o
                0x00800106                Dio_gkat_PortAdressWrite
 .rodata.Port_gkt_Config
                0x0080010c        0x4 05_MCAL/Port/Code/Config/Port_PBCfg.o
                0x0080010c                Port_gkt_Config
 .rodata.Port_kt_RegisterTable
                0x00800110       0x1e 05_MCAL/Port/Code/Config/Port_PBCfg.o
 *(.gnu.linkonce.r*)
                0x0080012e                . = ALIGN (0x2)
                0x0080012e                _edata = .
                0x0080012e                PROVIDE (__data_end, .)

.bss            0x0080012e        0x0
                [!provide]                PROVIDE (__bss_start, .)
 *(.bss)
 *(.bss*)
 *(COMMON)
                [!provide]                PROVIDE (__bss_end, .)
                0x00000150                __data_load_start = LOADADDR (.data)
                0x0000017e                __data_load_end = (__data_load_start + SIZEOF (.data))

.noinit         0x0080012e        0x0
                [!provide]                PROVIDE (__noinit_start, .)
 *(.noinit*)
                [!provide]                PROVIDE (__noinit_end, .)
                0x0080012e                _end = .
                [!provide]                PROVIDE (__heap_start, .)

.eeprom         0x00810000        0x0
 *(.eeprom*)
                0x00810000                __eeprom_end = .

.fuse
 *(.fuse)
 *(.lfuse)
 *(.hfuse)
 *(.efuse)

.lock
 *(.lock*)

.signature
 *(.signature*)

.user_signatures
 *(.user_signatures*)

.stab
 *(.stab)

.stabstr
 *(.stabstr)

.stab.excl
 *(.stab.excl)

.stab.exclstr
 *(.stab.exclstr)

.stab.index
 *(.stab.index)

.stab.indexstr
 *(.stab.indexstr)

.comment        0x00000000       0x30
 *(.comment)
 .comment       0x00000000       0x30 02_RTE/main.o
                                 0x31 (size before relaxing)
 .comment       0x00000030       0x31 05_MCAL/Dio/Code/Config/Dio_LCfg.o
 .comment       0x00000030       0x31 05_MCAL/Dio/Code/Generic/Dio.o
 .comment       0x00000030       0x31 05_MCAL/Port/Code/Config/Port_PBCfg.o
 .comment       0x00000030       0x31 05_MCAL/Port/Code/Generic/Port.o
 .comment       0x00000030       0x31 07_Libraries/RegisterInit/Generic/RegisterInit.o

.note.gnu.avr.deviceinfo
                0x00000000       0x40
 .note.gnu.avr.deviceinfo
                0x00000000       0x40 D:/Programe/AtmelStudio/7.0/Packs/atmel/ATmega_DFP/1.2.209/gcc/dev/atmega328p/avr5/crtatmega328p.o

.note.gnu.build-id
 *(.note.gnu.build-id)

.debug
 *(.debug)

.line
 *(.line)

.debug_srcinfo
 *(.debug_srcinfo)

.debug_sfnames
 *(.debug_sfnames)

.debug_aranges  0x00000000       0xe0
 *(.debug_aranges)
 .debug_aranges
                0x00000000       0x20 02_RTE/main.o
 .debug_aranges
                0x00000020       0x18 05_MCAL/Dio/Code/Config/Dio_LCfg.o
 .debug_aranges
                0x00000038       0x38 05_MCAL/Dio/Code/Generic/Dio.o
 .debug_aranges
                0x00000070       0x18 05_MCAL/Port/Code/Config/Port_PBCfg.o
 .debug_aranges
                0x00000088       0x20 05_MCAL/Port/Code/Generic/Port.o
 .debug_aranges
                0x000000a8       0x38 07_Libraries/RegisterInit/Generic/RegisterInit.o

.debug_pubnames
 *(.debug_pubnames)

.debug_info     0x00000000     0x1257
 *(.debug_info .gnu.linkonce.wi.*)
 .debug_info    0x00000000      0x5f4 D:/Programe/AtmelStudio/7.0/Packs/atmel/ATmega_DFP/1.2.209/gcc/dev/atmega328p/avr5/crtatmega328p.o
 .debug_info    0x000005f4      0x253 02_RTE/main.o
 .debug_info    0x00000847      0x158 05_MCAL/Dio/Code/Config/Dio_LCfg.o
 .debug_info    0x0000099f      0x2b4 05_MCAL/Dio/Code/Generic/Dio.o
 .debug_info    0x00000c53      0x14a 05_MCAL/Port/Code/Config/Port_PBCfg.o
 .debug_info    0x00000d9d      0x143 05_MCAL/Port/Code/Generic/Port.o
 .debug_info    0x00000ee0      0x377 07_Libraries/RegisterInit/Generic/RegisterInit.o

.debug_abbrev   0x00000000      0xada
 *(.debug_abbrev)
 .debug_abbrev  0x00000000      0x5a2 D:/Programe/AtmelStudio/7.0/Packs/atmel/ATmega_DFP/1.2.209/gcc/dev/atmega328p/avr5/crtatmega328p.o
 .debug_abbrev  0x000005a2      0x160 02_RTE/main.o
 .debug_abbrev  0x00000702       0x89 05_MCAL/Dio/Code/Config/Dio_LCfg.o
 .debug_abbrev  0x0000078b      0x14d 05_MCAL/Dio/Code/Generic/Dio.o
 .debug_abbrev  0x000008d8       0x98 05_MCAL/Port/Code/Config/Port_PBCfg.o
 .debug_abbrev  0x00000970       0xb3 05_MCAL/Port/Code/Generic/Port.o
 .debug_abbrev  0x00000a23       0xb7 07_Libraries/RegisterInit/Generic/RegisterInit.o

.debug_line     0x00000000      0x8aa
 *(.debug_line .debug_line.* .debug_line_end)
 .debug_line    0x00000000      0x133 D:/Programe/AtmelStudio/7.0/Packs/atmel/ATmega_DFP/1.2.209/gcc/dev/atmega328p/avr5/crtatmega328p.o
 .debug_line    0x00000133      0x1e3 02_RTE/main.o
 .debug_line    0x00000316       0xf3 05_MCAL/Dio/Code/Config/Dio_LCfg.o
 .debug_line    0x00000409      0x10e 05_MCAL/Dio/Code/Generic/Dio.o
 .debug_line    0x00000517      0x12f 05_MCAL/Port/Code/Config/Port_PBCfg.o
 .debug_line    0x00000646       0xcd 05_MCAL/Port/Code/Generic/Port.o
 .debug_line    0x00000713      0x197 07_Libraries/RegisterInit/Generic/RegisterInit.o

.debug_frame    0x00000000      0x134
 *(.debug_frame)
 .debug_frame   0x00000000       0x24 02_RTE/main.o
 .debug_frame   0x00000024       0x54 05_MCAL/Dio/Code/Generic/Dio.o
 .debug_frame   0x00000078       0x24 05_MCAL/Port/Code/Generic/Port.o
 .debug_frame   0x0000009c       0x98 07_Libraries/RegisterInit/Generic/RegisterInit.o

.debug_str      0x00000000      0x85c
 *(.debug_str)
 .debug_str     0x00000000      0x208 D:/Programe/AtmelStudio/7.0/Packs/atmel/ATmega_DFP/1.2.209/gcc/dev/atmega328p/avr5/crtatmega328p.o
 .debug_str     0x00000208      0x262 02_RTE/main.o
                                0x296 (size before relaxing)
 .debug_str     0x0000046a       0xb3 05_MCAL/Dio/Code/Config/Dio_LCfg.o
                                0x23d (size before relaxing)
 .debug_str     0x0000051d       0xd3 05_MCAL/Dio/Code/Generic/Dio.o
                                0x2f0 (size before relaxing)
 .debug_str     0x000005f0       0x3f 05_MCAL/Port/Code/Config/Port_PBCfg.o
                                0x265 (size before relaxing)
 .debug_str     0x0000062f       0x4b 05_MCAL/Port/Code/Generic/Port.o
                                0x228 (size before relaxing)
 .debug_str     0x0000067a      0x1e2 07_Libraries/RegisterInit/Generic/RegisterInit.o
                                0x3be (size before relaxing)

.debug_loc      0x00000000      0x3a9
 *(.debug_loc)
 .debug_loc     0x00000000       0x48 02_RTE/main.o
 .debug_loc     0x00000048      0x12b 05_MCAL/Dio/Code/Generic/Dio.o
 .debug_loc     0x00000173       0x26 05_MCAL/Port/Code/Generic/Port.o
 .debug_loc     0x00000199      0x210 07_Libraries/RegisterInit/Generic/RegisterInit.o

.debug_macinfo
 *(.debug_macinfo)

.debug_weaknames
 *(.debug_weaknames)

.debug_funcnames
 *(.debug_funcnames)

.debug_typenames
 *(.debug_typenames)

.debug_varnames
 *(.debug_varnames)

.debug_pubtypes
 *(.debug_pubtypes)

.debug_ranges   0x00000000       0x70
 *(.debug_ranges)
 .debug_ranges  0x00000000       0x10 02_RTE/main.o
 .debug_ranges  0x00000010       0x28 05_MCAL/Dio/Code/Generic/Dio.o
 .debug_ranges  0x00000038       0x10 05_MCAL/Port/Code/Generic/Port.o
 .debug_ranges  0x00000048       0x28 07_Libraries/RegisterInit/Generic/RegisterInit.o

.debug_macro
 *(.debug_macro)
OUTPUT(NanoArchitecture.elf elf32-avr)
LOAD linker stubs
